// Jest Snapshot v1, https://goo.gl/fbAQLP

exports[`user list page shows error screen 1`] = `"<div class=\\"cont\\"><div>Something went wrong<br>Error: This test should show an Error..</div><button>Try again</button></div>"`;

exports[`user list page shows loading screen 1`] = `"<div class=\\"cont\\">Loading...</div>"`;

exports[`user list page shows no users-button 1`] = `"<div class=\\"cont\\"><h3>You dont have any users/friends :(</h3><a href=\\"/user/create\\"><button>Create user</button></a></div>"`;

exports[`user list page shows users 1`] = `"<div class=\\"cont\\"><h1>All Users</h1><a href=\\"/user/create\\"><button>Create user</button></a><div><p>Firstname: Ola</p><p>Lastname: Nordmann</p><p>Email: ola@nordmann.no</p><a href=\\"/user/1/message\\"><button>Send Message</button></a><br></div></div>"`;
